{
    "Should emit versions.yml with tifffile/bioio - stub": {
        "content": [
            [
                "versions.yml:md5,00eb5a2a17e17420816600675858cd62"
            ]
        ],
        "timestamp": "2026-09-03T02:40:47.409961",
        "meta": {
            "nf-test": "0.9.5",
            "nextflow": "25.04.7"
        }
    }
}