{
    "Should emit versions.yml with tifffile/aicsimageio - stub": {
        "content": [
            [
                "versions.yml:md5,4829a64cdc046d10c9c22d8ff72aef5a"
            ]
        ],
        "meta": {
            "nf-test": "0.9.0",
            "nextflow": "25.04.7"
        },
        "timestamp": "2026-06-13T21:49:40.857158"
    }
}