{
    "Should emit versions.yml - stub": {
        "content": [
            [
                "versions.yml:md5,5e6383bd219b9a74640b98be6bb68872"
            ]
        ],
        "timestamp": "2026-09-02T21:34:52.884786",
        "meta": {
            "nf-test": "0.9.5",
            "nextflow": "25.04.7"
        }
    }
}