{
    "Should extract morphology and contours - stub": {
        "content": [
            [
                "versions.yml:md5,dec3a537bd646a0aa7288f5548b5bf04"
            ]
        ],
        "timestamp": "2026-09-02T21:35:55.709518",
        "meta": {
            "nf-test": "0.9.5",
            "nextflow": "25.04.7"
        }
    }
}