{
    "Should extract morphology and contours - stub": {
        "content": [
            [
                "versions.yml:md5,368524f3c88d616ee2b9d96a3c14deec"
            ]
        ],
        "timestamp": "2026-08-15T05:08:22.191125",
        "meta": {
            "nf-test": "0.9.5",
            "nextflow": "25.04.7"
        }
    }
}