{
    "Should emit versions.yml - stub": {
        "content": [
            [
                "versions.yml:md5,b815290a5b2c9c2cdc63a1b43542331a"
            ]
        ],
        "meta": {
            "nf-test": "0.9.0",
            "nextflow": "25.04.7"
        },
        "timestamp": "2026-06-13T21:56:22.026047"
    }
}