{
    "Should emit versions.yml - stub": {
        "content": [
            [
                "versions.yml:md5,5399cad0c565d25fe68034b3c99132d6"
            ]
        ],
        "timestamp": "2026-09-02T21:38:33.905458",
        "meta": {
            "nf-test": "0.9.5",
            "nextflow": "25.04.7"
        }
    }
}