{
    "Should emit versions.yml - stub": {
        "content": [
            [
                "versions.yml:md5,c1f1be5aa2034f06b97cdf8a6f19d500"
            ]
        ],
        "timestamp": "2026-09-02T21:37:05.543062",
        "meta": {
            "nf-test": "0.9.5",
            "nextflow": "25.04.7"
        }
    }
}