{
    "Should emit versions.yml with tifffile/numpy - stub": {
        "content": [
            [
                "versions.yml:md5,0337e8da86c2e66e3cde7c5a07f5d752"
            ]
        ],
        "timestamp": "2026-09-02T21:39:29.155918",
        "meta": {
            "nf-test": "0.9.5",
            "nextflow": "25.04.7"
        }
    }
}