{
    "Should emit versions.yml - stub": {
        "content": [
            [
                "versions.yml:md5,fa0fddd68ba6ecb080f202c527d124ff"
            ]
        ],
        "meta": {
            "nf-test": "0.9.0",
            "nextflow": "25.04.7"
        },
        "timestamp": "2026-06-13T21:58:32.269672"
    }
}