{
    "Should run BaSiC correction on OME-TIFF - stub": {
        "content": [
            {
                "0": [
                    [
                        {
                            "patient_id": "P001",
                            "is_reference": true,
                            "channels": [
                                "DAPI",
                                "PANCK",
                                "SMA"
                            ]
                        },
                        "P001_ref_corrected.ome.tif:md5,d41d8cd98f00b204e9800998ecf8427e"
                    ]
                ],
                "1": [
                    "versions.yml:md5,ac68f7268614b5641e4ad707163f7b71"
                ],
                "2": [
                    "P001_P001_ref.PREPROCESS.size.csv:md5,f2bdc1bd7deb61ff9b99b2877bfa0022"
                ],
                "preprocessed": [
                    [
                        {
                            "patient_id": "P001",
                            "is_reference": true,
                            "channels": [
                                "DAPI",
                                "PANCK",
                                "SMA"
                            ]
                        },
                        "P001_ref_corrected.ome.tif:md5,d41d8cd98f00b204e9800998ecf8427e"
                    ]
                ],
                "size_log": [
                    "P001_P001_ref.PREPROCESS.size.csv:md5,f2bdc1bd7deb61ff9b99b2877bfa0022"
                ],
                "versions": [
                    "versions.yml:md5,ac68f7268614b5641e4ad707163f7b71"
                ]
            }
        ],
        "meta": {
            "nf-test": "0.9.0",
            "nextflow": "25.04.7"
        },
        "timestamp": "2026-06-13T21:58:42.409794"
    },
    "Should preserve metadata through preprocessing": {
        "content": [
            {
                "patient_id": "P002",
                "is_reference": false,
                "channels": [
                    "DAPI",
                    "PANCK"
                ],
                "custom_field": "test_value"
            }
        ],
        "meta": {
            "nf-test": "0.9.0",
            "nextflow": "25.04.7"
        },
        "timestamp": "2026-06-13T21:58:48.349214"
    }
}