{
    "Should run full preprocessing workflow - stub": {
        "content": [
            [
                {
                    "patient_id": "P001",
                    "id": "P001_mov1",
                    "is_reference": false,
                    "channels": [
                        "DAPI",
                        "PANCK",
                        "SMA"
                    ]
                },
                {
                    "patient_id": "P001",
                    "id": "P001_ref",
                    "is_reference": true,
                    "channels": [
                        "DAPI",
                        "PANCK",
                        "SMA"
                    ]
                }
            ],
            [
                "preprocessed.csv:md5,9af5325d4b2a1c94c8dafc1d495941e8"
            ]
        ],
        "timestamp": "2026-08-25T15:17:44.294353",
        "meta": {
            "nf-test": "0.9.5",
            "nextflow": "25.04.7"
        }
    }
}