{
    "Should run VALIS registration - stub": {
        "content": [
            [
                "registered.csv:md5,493755b28a1064cd37d153d038c982ed"
            ]
        ],
        "timestamp": "2026-08-06T22:19:37.461804",
        "meta": {
            "nf-test": "0.9.5",
            "nextflow": "25.04.7"
        }
    }
}